# serializer version: 1
# name: test_theme_538_snap
  '''
  <div id="538_table" style="padding-left:0px;padding-right:0px;padding-top:10px;padding-bottom:10px;overflow-x:auto;overflow-y:auto;width:auto;height:auto;">
  <style>
  @import url('https://fonts.googleapis.com/css2?family=Cairo&display=swap');
  @import url('https://fonts.googleapis.com/css2?family=Chivo&display=swap');
  #538_table table {
            font-family: Cairo, -apple-system, BlinkMacSystemFont, 'Segoe UI', Roboto, Oxygen, Ubuntu, Cantarell, 'Helvetica Neue', 'Fira Sans', 'Droid Sans', Arial, sans-serif;
            -webkit-font-smoothing: antialiased;
            -moz-osx-font-smoothing: grayscale;
          }
  
  #538_table thead, tbody, tfoot, tr, td, th { border-style: none; }
   tr { background-color: transparent; }
  #538_table p { margin: 0; padding: 0; }
   #538_table .gt_table { display: table; border-collapse: collapse; line-height: normal; margin-left: auto; margin-right: auto; color: #333333; font-size: 16px; font-weight: 400; font-style: normal; background-color: #FFFFFF; width: auto; border-top-style: none; border-top-width: 3px; border-top-color: #A8A8A8; border-right-style: none; border-right-width: 2px; border-right-color: #D3D3D3; border-bottom-style: none; border-bottom-width: 2px; border-bottom-color: #A8A8A8; border-left-style: none; border-left-width: 2px; border-left-color: #D3D3D3; }
   #538_table .gt_caption { padding-top: 4px; padding-bottom: 4px; }
   #538_table .gt_title { color: #333333; font-size: 125%; font-weight: initial; padding-top: 4px; padding-bottom: 4px; padding-left: 5px; padding-right: 5px; border-bottom-color: #FFFFFF; border-bottom-width: 0; }
   #538_table .gt_subtitle { color: #333333; font-size: 85%; font-weight: initial; padding-top: 3px; padding-bottom: 5px; padding-left: 5px; padding-right: 5px; border-top-color: #FFFFFF; border-top-width: 0; }
   #538_table .gt_heading { background-color: #FFFFFF; text-align: left; border-bottom-color: #FFFFFF; border-left-style: none; border-left-width: 1px; border-left-color: #D3D3D3; border-right-style: none; border-right-width: 1px; border-right-color: #D3D3D3; }
   #538_table .gt_bottom_border { border-bottom-style: none; border-bottom-width: 2px; border-bottom-color: #D3D3D3; }
   #538_table .gt_col_headings { border-top-style: none; border-top-width: 2px; border-top-color: #D3D3D3; border-bottom-style: solid; border-bottom-width: 2px; border-bottom-color: black; border-left-style: none; border-left-width: 1px; border-left-color: #D3D3D3; border-right-style: none; border-right-width: 1px; border-right-color: #D3D3D3; }
   #538_table .gt_col_heading { color: #333333; background-color: white; font-size: 100%; font-weight: normal; text-transform: inherit; border-left-style: none; border-left-width: 1px; border-left-color: #D3D3D3; border-right-style: none; border-right-width: 1px; border-right-color: #D3D3D3; vertical-align: bottom; padding-top: 5px; padding-bottom: 5px; padding-left: 5px; padding-right: 5px; overflow-x: hidden; }
   #538_table .gt_column_spanner_outer { color: #333333; background-color: white; font-size: 100%; font-weight: normal; text-transform: inherit; padding-top: 0; padding-bottom: 0; padding-left: 4px; padding-right: 4px; }
   #538_table .gt_column_spanner_outer:first-child { padding-left: 0; }
   #538_table .gt_column_spanner_outer:last-child { padding-right: 0; }
   #538_table .gt_column_spanner { border-bottom-style: solid; border-bottom-width: 2px; border-bottom-color: black; vertical-align: bottom; padding-top: 5px; padding-bottom: 5px; overflow-x: hidden; display: inline-block; width: 100%; }
   #538_table .gt_spanner_row { border-bottom-style: hidden; }
   #538_table .gt_group_heading { padding-top: 8px; padding-bottom: 8px; padding-left: 5px; padding-right: 5px; color: #333333; background-color: #FFFFFF; font-size: 100%; font-weight: initial; text-transform: inherit; border-top-style: none; border-top-width: 2px; border-top-color: black; border-bottom-style: solid; border-bottom-width: 1px; border-bottom-color: black; border-left-style: none; border-left-width: 1px; border-left-color: #D3D3D3; border-right-style: none; border-right-width: 1px; border-right-color: #D3D3D3; vertical-align: middle; text-align: left; }
   #538_table .gt_empty_group_heading { padding: 0.5px; color: #333333; background-color: #FFFFFF; font-size: 100%; font-weight: initial; border-top-style: none; border-top-width: 2px; border-top-color: black; border-bottom-style: solid; border-bottom-width: 1px; border-bottom-color: black; vertical-align: middle; }
   #538_table .gt_from_md> :first-child { margin-top: 0; }
   #538_table .gt_from_md> :last-child { margin-bottom: 0; }
   #538_table .gt_row { padding-top: 3px; padding-bottom: 3px; padding-left: 5px; padding-right: 5px; margin: 10px; border-top-style: solid; border-top-width: 1px; border-top-color: #D3D3D3; border-left-style: none; border-left-width: 1px; border-left-color: #D3D3D3; border-right-style: none; border-right-width: 1px; border-right-color: #D3D3D3; vertical-align: middle; overflow-x: hidden; }
   #538_table .gt_stub { color: #333333; background-color: #FFFFFF; font-size: 100%; font-weight: initial; text-transform: inherit; border-right-style: solid; border-right-width: 0px; border-right-color: white; padding-left: 5px; padding-right: 5px; }
   #538_table .gt_stub_row_group { color: #333333; background-color: #FFFFFF; font-size: 100%; font-weight: initial; text-transform: inherit; border-right-style: solid; border-right-width: 2px; border-right-color: #D3D3D3; padding-left: 5px; padding-right: 5px; vertical-align: top; }
   #538_table .gt_row_group_first td { border-top-width: 2px; }
   #538_table .gt_row_group_first th { border-top-width: 2px; }
   #538_table .gt_striped { background-color: rgba(128,128,128,0.05); }
   #538_table .gt_table_body { border-top-style: solid; border-top-width: 2px; border-top-color: #D3D3D3; border-bottom-style: solid; border-bottom-width: 2px; border-bottom-color: #D3D3D3; }
   #538_table .gt_sourcenotes { color: #333333; background-color: #FFFFFF; border-bottom-style: none; border-bottom-width: 2px; border-bottom-color: #D3D3D3; border-left-style: none; border-left-width: 2px; border-left-color: #D3D3D3; border-right-style: none; border-right-width: 2px; border-right-color: #D3D3D3; }
   #538_table .gt_sourcenote { font-size: 12px; padding-top: 4px; padding-bottom: 4px; padding-left: 5px; padding-right: 5px; text-align: left; }
   #538_table .gt_left { text-align: left; }
   #538_table .gt_center { text-align: center; }
   #538_table .gt_right { text-align: right; font-variant-numeric: tabular-nums; }
   #538_table .gt_font_normal { font-weight: normal; }
   #538_table .gt_font_bold { font-weight: bold; }
   #538_table .gt_font_italic { font-style: italic; }
   #538_table .gt_super { font-size: 65%; }
   #538_table .gt_footnote_marks { font-size: 75%; vertical-align: 0.4em; position: initial; }
   #538_table .gt_asterisk { font-size: 100%; vertical-align: 0; }
   
  </style>
  <table class="gt_table" data-quarto-disable-processing="false" data-quarto-bootstrap="false">
  <thead>
  
  <tr class="gt_col_headings">
    <th class="gt_col_heading gt_columns_bottom_border gt_right" rowspan="1" colspan="1" style="border-top: 0px solid black; font-family: Chivo;font-size: 14px;vertical-align: bottom;font-weight: 200;text-transform: uppercase;" scope="col" id="538_table-num">num</th>
    <th class="gt_col_heading gt_columns_bottom_border gt_left" rowspan="1" colspan="1" style="border-top: 0px solid black; font-family: Chivo;font-size: 14px;vertical-align: bottom;font-weight: 200;text-transform: uppercase;" scope="col" id="538_table-char">char</th>
    <th class="gt_col_heading gt_columns_bottom_border gt_left" rowspan="1" colspan="1" style="border-top: 0px solid black; font-family: Chivo;font-size: 14px;vertical-align: bottom;font-weight: 200;text-transform: uppercase;" scope="col" id="538_table-fctr">fctr</th>
    <th class="gt_col_heading gt_columns_bottom_border gt_right" rowspan="1" colspan="1" style="border-top: 0px solid black; font-family: Chivo;font-size: 14px;vertical-align: bottom;font-weight: 200;text-transform: uppercase;" scope="col" id="538_table-date">date</th>
    <th class="gt_col_heading gt_columns_bottom_border gt_right" rowspan="1" colspan="1" style="border-top: 0px solid black; font-family: Chivo;font-size: 14px;vertical-align: bottom;font-weight: 200;text-transform: uppercase;" scope="col" id="538_table-time">time</th>
    <th class="gt_col_heading gt_columns_bottom_border gt_right" rowspan="1" colspan="1" style="border-top: 0px solid black; font-family: Chivo;font-size: 14px;vertical-align: bottom;font-weight: 200;text-transform: uppercase;" scope="col" id="538_table-datetime">datetime</th>
    <th class="gt_col_heading gt_columns_bottom_border gt_right" rowspan="1" colspan="1" style="border-top: 0px solid black; font-family: Chivo;font-size: 14px;vertical-align: bottom;font-weight: 200;text-transform: uppercase;" scope="col" id="538_table-currency">currency</th>
    <th class="gt_col_heading gt_columns_bottom_border gt_left" rowspan="1" colspan="1" style="border-top: 0px solid black; font-family: Chivo;font-size: 14px;vertical-align: bottom;font-weight: 200;text-transform: uppercase;" scope="col" id="538_table-row">row</th>
    <th class="gt_col_heading gt_columns_bottom_border gt_left" rowspan="1" colspan="1" style="border-top: 0px solid black; font-family: Chivo;font-size: 14px;vertical-align: bottom;font-weight: 200;text-transform: uppercase;" scope="col" id="538_table-group">group</th>
  </tr>
  </thead>
  <tbody class="gt_table_body">
    <tr>
      <td class="gt_row gt_right">0.1111</td>
      <td class="gt_row gt_left">apricot</td>
      <td class="gt_row gt_left">one</td>
      <td class="gt_row gt_right">2015-01-15</td>
      <td class="gt_row gt_right">13:35</td>
      <td class="gt_row gt_right">2018-01-01 02:22</td>
      <td class="gt_row gt_right">49.95</td>
      <td class="gt_row gt_left">row_1</td>
      <td class="gt_row gt_left">grp_a</td>
    </tr>
    <tr>
      <td class="gt_row gt_right">2.222</td>
      <td class="gt_row gt_left">banana</td>
      <td class="gt_row gt_left">two</td>
      <td class="gt_row gt_right">2015-02-15</td>
      <td class="gt_row gt_right">14:40</td>
      <td class="gt_row gt_right">2018-02-02 14:33</td>
      <td class="gt_row gt_right">17.95</td>
      <td class="gt_row gt_left">row_2</td>
      <td class="gt_row gt_left">grp_a</td>
    </tr>
    <tr>
      <td class="gt_row gt_right">33.33</td>
      <td class="gt_row gt_left">coconut</td>
      <td class="gt_row gt_left">three</td>
      <td class="gt_row gt_right">2015-03-15</td>
      <td class="gt_row gt_right">15:45</td>
      <td class="gt_row gt_right">2018-03-03 03:44</td>
      <td class="gt_row gt_right">1.39</td>
      <td class="gt_row gt_left">row_3</td>
      <td class="gt_row gt_left">grp_a</td>
    </tr>
    <tr>
      <td class="gt_row gt_right">444.4</td>
      <td class="gt_row gt_left">durian</td>
      <td class="gt_row gt_left">four</td>
      <td class="gt_row gt_right">2015-04-15</td>
      <td class="gt_row gt_right">16:50</td>
      <td class="gt_row gt_right">2018-04-04 15:55</td>
      <td class="gt_row gt_right">65100.0</td>
      <td class="gt_row gt_left">row_4</td>
      <td class="gt_row gt_left">grp_a</td>
    </tr>
    <tr>
      <td class="gt_row gt_right">5550.0</td>
      <td class="gt_row gt_left"><NA></td>
      <td class="gt_row gt_left">five</td>
      <td class="gt_row gt_right">2015-05-15</td>
      <td class="gt_row gt_right">17:55</td>
      <td class="gt_row gt_right">2018-05-05 04:00</td>
      <td class="gt_row gt_right">1325.81</td>
      <td class="gt_row gt_left">row_5</td>
      <td class="gt_row gt_left">grp_b</td>
    </tr>
    <tr>
      <td class="gt_row gt_right"><NA></td>
      <td class="gt_row gt_left">fig</td>
      <td class="gt_row gt_left">six</td>
      <td class="gt_row gt_right">2015-06-15</td>
      <td class="gt_row gt_right"><NA></td>
      <td class="gt_row gt_right">2018-06-06 16:11</td>
      <td class="gt_row gt_right">13.255</td>
      <td class="gt_row gt_left">row_6</td>
      <td class="gt_row gt_left">grp_b</td>
    </tr>
    <tr>
      <td class="gt_row gt_right">777000.0</td>
      <td class="gt_row gt_left">grapefruit</td>
      <td class="gt_row gt_left">seven</td>
      <td class="gt_row gt_right"><NA></td>
      <td class="gt_row gt_right">19:10</td>
      <td class="gt_row gt_right">2018-07-07 05:22</td>
      <td class="gt_row gt_right"><NA></td>
      <td class="gt_row gt_left">row_7</td>
      <td class="gt_row gt_left">grp_b</td>
    </tr>
    <tr>
      <td class="gt_row gt_right">8880000.0</td>
      <td class="gt_row gt_left">honeydew</td>
      <td class="gt_row gt_left">eight</td>
      <td class="gt_row gt_right">2015-08-15</td>
      <td class="gt_row gt_right">20:20</td>
      <td class="gt_row gt_right"><NA></td>
      <td class="gt_row gt_right">0.44</td>
      <td class="gt_row gt_left">row_8</td>
      <td class="gt_row gt_left">grp_b</td>
    </tr>
  </tbody>
  
  
  </table>
  
  </div>
          
  '''
# ---
